           :-) GROMACS - gmx mdrun, 2023.3-Ubuntu_2023.3_1ubuntu3 (-:

Copyright 1991-2023 The GROMACS Authors.
GROMACS is free software; you can redistribute it and/or modify it
under the terms of the GNU Lesser General Public License
as published by the Free Software Foundation; either version 2.1
of the License, or (at your option) any later version.

                         Current GROMACS contributors:
       Mark Abraham           Andrey Alekseenko           Cathrine Bergh      
      Christian Blau            Eliane Briand             Mahesh Doijade      
    Stefan Fleischmann           Vytas Gapsys              Gaurav Garg        
      Sergey Gorelov         Gilles Gouaillardet            Alan Gray         
     M. Eric Irrgang         Farzaneh Jalalypour            Joe Jordan        
    Christoph Junghans        Prashanth Kanduri          Sebastian Keller     
     Carsten Kutzner           Justin A. Lemkul          Magnus Lundborg      
       Pascal Merz              Vedran Miletic            Dmitry Morozov      
       Szilard Pall             Roland Schulz             Michael Shirts      
     Alexey Shvetsov            Balint Soproni         David van der Spoel    
      Philip Turner             Carsten Uphoff           Alessandra Villa     
 Sebastian Wingbermuehle        Artem Zhmurov       

                         Previous GROMACS contributors:
        Emile Apol             Rossen Apostolov           James Barnett       
  Herman J.C. Berendsen          Par Bjelkmar           Viacheslav Bolnykh    
        Kevin Boyd            Aldert van Buuren          Carlo Camilloni      
     Rudi van Drunen            Anton Feenstra           Oliver Fleetwood     
     Gerrit Groenhof            Bert de Groot             Anca Hamuraru       
    Vincent Hindriksen          Victor Holanda           Aleksei Iupinov      
   Dimitrios Karkoulis           Peter Kasson             Sebastian Kehl      
        Jiri Kraus               Per Larsson              Viveca Lindahl      
      Erik Marklund           Pieter Meulenhoff           Teemu Murtola       
       Sander Pronk             Alfons Sijbers            Peter Tieleman      
       Jon Vincent             Teemu Virolainen         Christian Wennberg    
       Maarten Wolf       

                  Coordinated by the GROMACS project leaders:
                    Paul Bauer, Berk Hess, and Erik Lindahl

GROMACS:      gmx mdrun, version 2023.3-Ubuntu_2023.3_1ubuntu3
Executable:   /usr/bin/gmx
Data prefix:  /usr
Working dir:  /mnt/c/Users/BN/FTMC-BSA-PEF-MD/simulations/control/setup
Process ID:   703
Command line:
  gmx mdrun -v -deffnm nvt

GROMACS version:    2023.3-Ubuntu_2023.3_1ubuntu3
Precision:          mixed
Memory model:       64 bit
MPI library:        thread_mpi
OpenMP support:     enabled (GMX_OPENMP_MAX_THREADS = 128)
GPU support:        disabled
SIMD instructions:  SSE4.1
CPU FFT library:    fftw-3.3.10-sse2-avx
GPU FFT library:    none
Multi-GPU FFT:      none
RDTSCP usage:       enabled
TNG support:        enabled
Hwloc support:      hwloc-2.8.0
Tracing support:    disabled
C compiler:         /usr/bin/cc GNU 13.2.0
C compiler flags:   -fexcess-precision=fast -funroll-all-loops -msse4.1 -Wno-missing-field-initializers -O3 -DNDEBUG
C++ compiler:       /usr/bin/c++ GNU 13.2.0
C++ compiler flags: -fexcess-precision=fast -funroll-all-loops -msse4.1 -Wno-missing-field-initializers -Wno-cast-function-type-strict SHELL:-fopenmp -O3 -DNDEBUG
BLAS library:       External - detected on the system
LAPACK library:     External - detected on the system


Running on 1 node with total 2 cores, 4 processing units
Hardware detected on host DESKTOP-8KRHN99:
  CPU info:
    Vendor: Intel
    Brand:  Intel(R) Pentium(R) CPU 4415U @ 2.30GHz
    Family: 6   Model: 142   Stepping: 9
    Features: aes apic clfsh cmov cx8 cx16 htt intel lahf mmx msr nonstop_tsc pcid pclmuldq pdcm pdpe1gb popcnt pse rdrnd rdtscp sse2 sse3 sse4.1 sse4.2 ssse3 tdt x2apic
  Hardware topology: Basic
    Packages, cores, and logical processors:
    [indices refer to OS logical processors]
      Package  0: [   0   1] [   2   3]
    CPU limit set by OS: -1   Recommended max number of threads: 4


++++ PLEASE READ AND CITE THE FOLLOWING REFERENCE ++++
M. J. Abraham, T. Murtola, R. Schulz, S. Páll, J. C. Smith, B. Hess, E.
Lindahl
GROMACS: High performance molecular simulations through multi-level
parallelism from laptops to supercomputers
SoftwareX 1 (2015) pp. 19-25
-------- -------- --- Thank You --- -------- --------


++++ PLEASE READ AND CITE THE FOLLOWING REFERENCE ++++
S. Páll, M. J. Abraham, C. Kutzner, B. Hess, E. Lindahl
Tackling Exascale Software Challenges in Molecular Dynamics Simulations with
GROMACS
In S. Markidis & E. Laure (Eds.), Solving Software Challenges for Exascale 8759 (2015) pp. 3-27
-------- -------- --- Thank You --- -------- --------


++++ PLEASE READ AND CITE THE FOLLOWING REFERENCE ++++
S. Pronk, S. Páll, R. Schulz, P. Larsson, P. Bjelkmar, R. Apostolov, M. R.
Shirts, J. C. Smith, P. M. Kasson, D. van der Spoel, B. Hess, and E. Lindahl
GROMACS 4.5: a high-throughput and highly parallel open source molecular
simulation toolkit
Bioinformatics 29 (2013) pp. 845-54
-------- -------- --- Thank You --- -------- --------


++++ PLEASE READ AND CITE THE FOLLOWING REFERENCE ++++
B. Hess and C. Kutzner and D. van der Spoel and E. Lindahl
GROMACS 4: Algorithms for highly efficient, load-balanced, and scalable
molecular simulation
J. Chem. Theory Comput. 4 (2008) pp. 435-447
-------- -------- --- Thank You --- -------- --------


++++ PLEASE READ AND CITE THE FOLLOWING REFERENCE ++++
D. van der Spoel, E. Lindahl, B. Hess, G. Groenhof, A. E. Mark and H. J. C.
Berendsen
GROMACS: Fast, Flexible and Free
J. Comp. Chem. 26 (2005) pp. 1701-1719
-------- -------- --- Thank You --- -------- --------


++++ PLEASE READ AND CITE THE FOLLOWING REFERENCE ++++
E. Lindahl and B. Hess and D. van der Spoel
GROMACS 3.0: A package for molecular simulation and trajectory analysis
J. Mol. Mod. 7 (2001) pp. 306-317
-------- -------- --- Thank You --- -------- --------


++++ PLEASE READ AND CITE THE FOLLOWING REFERENCE ++++
H. J. C. Berendsen, D. van der Spoel and R. van Drunen
GROMACS: A message-passing parallel molecular dynamics implementation
Comp. Phys. Comm. 91 (1995) pp. 43-56
-------- -------- --- Thank You --- -------- --------

Input Parameters:
   integrator                     = md
   tinit                          = 0
   dt                             = 0.002
   nsteps                         = 50000
   init-step                      = 0
   simulation-part                = 1
   mts                            = false
   comm-mode                      = Linear
   nstcomm                        = 100
   bd-fric                        = 0
   ld-seed                        = 2146394111
   emtol                          = 10
   emstep                         = 0.01
   niter                          = 20
   fcstep                         = 0
   nstcgsteep                     = 1000
   nbfgscorr                      = 10
   rtpi                           = 0.05
   nstxout                        = 0
   nstvout                        = 0
   nstfout                        = 0
   nstlog                         = 500
   nstcalcenergy                  = 100
   nstenergy                      = 500
   nstxout-compressed             = 5000
   compressed-x-precision         = 1000
   cutoff-scheme                  = Verlet
   nstlist                        = 20
   pbc                            = xyz
   periodic-molecules             = false
   verlet-buffer-tolerance        = 0.005
   rlist                          = 1.025
   coulombtype                    = PME
   coulomb-modifier               = Potential-shift
   rcoulomb-switch                = 0
   rcoulomb                       = 1
   epsilon-r                      = 1
   epsilon-rf                     = inf
   vdw-type                       = Cut-off
   vdw-modifier                   = Potential-shift
   rvdw-switch                    = 0
   rvdw                           = 1
   DispCorr                       = No
   table-extension                = 1
   fourierspacing                 = 0.12
   fourier-nx                     = 96
   fourier-ny                     = 96
   fourier-nz                     = 96
   pme-order                      = 4
   ewald-rtol                     = 1e-05
   ewald-rtol-lj                  = 0.001
   lj-pme-comb-rule               = Geometric
   ewald-geometry                 = 3d
   epsilon-surface                = 0
   ensemble-temperature-setting   = constant
   ensemble-temperature           = 300
   tcoupl                         = V-rescale
   nsttcouple                     = 10
   nh-chain-length                = 0
   print-nose-hoover-chain-variables = false
   pcoupl                         = No
   pcoupltype                     = Isotropic
   nstpcouple                     = -1
   tau-p                          = 1
   compressibility (3x3):
      compressibility[    0]={ 0.00000e+00,  0.00000e+00,  0.00000e+00}
      compressibility[    1]={ 0.00000e+00,  0.00000e+00,  0.00000e+00}
      compressibility[    2]={ 0.00000e+00,  0.00000e+00,  0.00000e+00}
   ref-p (3x3):
      ref-p[    0]={ 0.00000e+00,  0.00000e+00,  0.00000e+00}
      ref-p[    1]={ 0.00000e+00,  0.00000e+00,  0.00000e+00}
      ref-p[    2]={ 0.00000e+00,  0.00000e+00,  0.00000e+00}
   refcoord-scaling               = No
   posres-com (3):
      posres-com[0]= 0.00000e+00
      posres-com[1]= 0.00000e+00
      posres-com[2]= 0.00000e+00
   posres-comB (3):
      posres-comB[0]= 0.00000e+00
      posres-comB[1]= 0.00000e+00
      posres-comB[2]= 0.00000e+00
   QMMM                           = false
qm-opts:
   ngQM                           = 0
   constraint-algorithm           = Lincs
   continuation                   = false
   Shake-SOR                      = false
   shake-tol                      = 0.0001
   lincs-order                    = 4
   lincs-iter                     = 1
   lincs-warnangle                = 30
   nwall                          = 0
   wall-type                      = 9-3
   wall-r-linpot                  = -1
   wall-atomtype[0]               = -1
   wall-atomtype[1]               = -1
   wall-density[0]                = 0
   wall-density[1]                = 0
   wall-ewald-zfac                = 3
   pull                           = false
   awh                            = false
   rotation                       = false
   interactiveMD                  = false
   disre                          = No
   disre-weighting                = Conservative
   disre-mixed                    = false
   dr-fc                          = 1000
   dr-tau                         = 0
   nstdisreout                    = 100
   orire-fc                       = 0
   orire-tau                      = 0
   nstorireout                    = 100
   free-energy                    = no
   cos-acceleration               = 0
   deform (3x3):
      deform[    0]={ 0.00000e+00,  0.00000e+00,  0.00000e+00}
      deform[    1]={ 0.00000e+00,  0.00000e+00,  0.00000e+00}
      deform[    2]={ 0.00000e+00,  0.00000e+00,  0.00000e+00}
   simulated-tempering            = false
   swapcoords                     = no
   userint1                       = 0
   userint2                       = 0
   userint3                       = 0
   userint4                       = 0
   userreal1                      = 0
   userreal2                      = 0
   userreal3                      = 0
   userreal4                      = 0
   applied-forces:
     electric-field:
       x:
         E0                       = 0
         omega                    = 0
         t0                       = 0
         sigma                    = 0
       y:
         E0                       = 0
         omega                    = 0
         t0                       = 0
         sigma                    = 0
       z:
         E0                       = 0
         omega                    = 0
         t0                       = 0
         sigma                    = 0
     density-guided-simulation:
       active                     = false
       group                      = protein
       similarity-measure         = inner-product
       atom-spreading-weight      = unity
       force-constant             = 1e+09
       gaussian-transform-spreading-width = 0.2
       gaussian-transform-spreading-range-in-multiples-of-width = 4
       reference-density-filename = reference.mrc
       nst                        = 1
       normalize-densities        = true
       adaptive-force-scaling     = false
       adaptive-force-scaling-time-constant = 4
       shift-vector               = 
       transformation-matrix      = 
     qmmm-cp2k:
       active                     = false
       qmgroup                    = System
       qmmethod                   = PBE
       qmfilenames                = 
       qmcharge                   = 0
       qmmultiplicity             = 1
grpopts:
   nrdf:     23082.7      179091
   ref-t:         300         300
   tau-t:         0.1         0.1
annealing:          No          No
annealing-npoints:           0           0
   acc:	           0           0           0
   nfreeze:           N           N           N
   energygrp-flags[  0]: 0

Changing nstlist from 20 to 50, rlist from 1.025 to 1.103


Initializing Domain Decomposition on 1 ranks
Dynamic load balancing: auto
Using update groups, nr 34601, average size 2.9 atoms, max. radius 0.104 nm
Minimum cell size due to atom displacement: 0.407 nm
Initial maximum distances in bonded interactions:
    two-body bonded interactions: 0.447 nm, LJ-14, atoms 3901 4005
  multi-body bonded interactions: 0.447 nm, Proper Dih., atoms 4005 3901
Minimum cell size due to bonded interactions: 0.492 nm
Using 0 separate PME ranks because: there are too few total ranks for efficient splitting
Optimizing the DD grid for 1 cells with a minimum initial size of 0.492 nm
The maximum allowed number of cells is: X 18 Y 18 Z 16
Domain decomposition grid 1 x 1 x 1, separate PME ranks 0
PME domain decomposition: 1 x 1 x 1

The initial number of communication pulses is:
The initial domain decomposition cell size is:

The maximum allowed distance for atom groups involved in interactions is:
                 non-bonded interactions           1.311 nm
            two-body bonded interactions  (-rdd)   1.311 nm
          multi-body bonded interactions  (-rdd)   1.311 nm

When dynamic load balancing gets turned on, these settings will change to:
The maximum number of communication pulses is:
The minimum size for domain decomposition cells is 1.311 nm
The requested allowed shrink of DD cells (option -dds) is: 0.80
The allowed shrink of domain decomposition cells is:
The maximum allowed distance for atom groups involved in interactions is:
                 non-bonded interactions           1.311 nm
            two-body bonded interactions  (-rdd)   1.311 nm
          multi-body bonded interactions  (-rdd)   1.311 nm

Using 1 MPI thread
Using 4 OpenMP threads 

System total charge: 0.000
Will do PME sum in reciprocal space for electrostatic interactions.

++++ PLEASE READ AND CITE THE FOLLOWING REFERENCE ++++
U. Essmann, L. Perera, M. L. Berkowitz, T. Darden, H. Lee and L. G. Pedersen 
A smooth particle mesh Ewald method
J. Chem. Phys. 103 (1995) pp. 8577-8592
-------- -------- --- Thank You --- -------- --------

Using a Gaussian width (1/beta) of 0.320163 nm for Ewald
Potential shift: LJ r^-12: -1.000e+00 r^-6: -1.000e+00, Ewald -1.000e-05
Initialized non-bonded Coulomb Ewald tables, spacing: 9.33e-04 size: 1073

Generated table with 1051 data points for 1-4 COUL.
Tabscale = 500 points/nm
Generated table with 1051 data points for 1-4 LJ6.
Tabscale = 500 points/nm
Generated table with 1051 data points for 1-4 LJ12.
Tabscale = 500 points/nm


Using SIMD 4x4 nonbonded short-range kernels

Using a dual 4x4 pair-list setup updated with dynamic pruning:
  outer list: updated every 50 steps, buffer 0.103 nm, rlist 1.103 nm
  inner list: updated every 13 steps, buffer 0.003 nm, rlist 1.003 nm
At tolerance 0.005 kJ/mol/ps per atom, equivalent classical 1x1 list would be:
  outer list: updated every 50 steps, buffer 0.229 nm, rlist 1.229 nm
  inner list: updated every 13 steps, buffer 0.051 nm, rlist 1.051 nm

The non-bonded pair calculation algorithm tolerates a few missing pair interactions close to the cut-off. This can lead to a systematic overestimation of the pressure due to missing LJ interactions. The error in the average pressure due to missing LJ interactions is at most 0.40 bar.
The pressure error can be controlled by setting the environment variable GMX_VERLET_BUFFER_PRESSURE_TOLERANCE to the allowed error in units of bar.

Using Lorentz-Berthelot Lennard-Jones combination rule
Removing pbc first time

Linking all bonded interactions to atoms


Pinning threads with an auto-selected logical cpu stride of 1

Initializing LINear Constraint Solver

++++ PLEASE READ AND CITE THE FOLLOWING REFERENCE ++++
B. Hess and H. Bekker and H. J. C. Berendsen and J. G. E. M. Fraaije
LINCS: A Linear Constraint Solver for molecular simulations
J. Comp. Chem. 18 (1997) pp. 1463-1472
-------- -------- --- Thank You --- -------- --------

The number of constraints is 4565

++++ PLEASE READ AND CITE THE FOLLOWING REFERENCE ++++
S. Miyamoto and P. A. Kollman
SETTLE: An Analytical Version of the SHAKE and RATTLE Algorithms for Rigid
Water Models
J. Comp. Chem. 13 (1992) pp. 952-962
-------- -------- --- Thank You --- -------- --------


++++ PLEASE READ AND CITE THE FOLLOWING REFERENCE ++++
G. Bussi, D. Donadio and M. Parrinello
Canonical sampling through velocity rescaling
J. Chem. Phys. 126 (2007) pp. 014101
-------- -------- --- Thank You --- -------- --------

There are: 98662 Atoms
Atom distribution over 1 domains: av 98662 stddev 0 min 98662 max 98662

Constraining the starting coordinates (step 0)

Constraining the coordinates at t0-dt (step 0)
Center of mass motion removal mode is Linear
We have the following groups for center of mass motion removal:
  0:  rest
RMS relative constraint deviation after constraining: 3.92e-06
Initial temperature: 299.972 K

Started mdrun on rank 0 Sat Sep 12 20:46:30 2026

           Step           Time
              0        0.00000

   Energies (kJ/mol)
           Bond          Angle    Proper Dih. Per. Imp. Dih.          LJ-14
    1.30861e+03    5.67582e+03    2.32983e+04    3.93334e+02    8.28236e+03
     Coulomb-14        LJ (SR)   Coulomb (SR)   Coul. recip. Position Rest.
    1.17153e+05    1.88437e+05   -1.90840e+06    1.19308e+04    3.58288e-03
      Potential    Kinetic En.   Total Energy  Conserved En.    Temperature
   -1.55192e+06    2.52186e+05   -1.29973e+06   -1.29973e+06    3.00049e+02
 Pressure (bar)   Constr. rmsd
   -4.34096e+03    4.06404e-06

           Step           Time
            500        1.00000

   Energies (kJ/mol)
           Bond          Angle    Proper Dih. Per. Imp. Dih.          LJ-14
    6.94470e+03    1.90243e+04    2.53300e+04    1.25273e+03    9.12560e+03
     Coulomb-14        LJ (SR)   Coulomb (SR)   Coul. recip. Position Rest.
    1.16884e+05    1.71752e+05   -1.67747e+06    1.07130e+04    2.87040e+03
      Potential    Kinetic En.   Total Energy  Conserved En.    Temperature
   -1.31358e+06    2.48319e+05   -1.06526e+06   -1.29710e+06    2.95447e+02
 Pressure (bar)   Constr. rmsd
   -4.79950e+02    4.03318e-06

           Step           Time
           1000        2.00000

   Energies (kJ/mol)
           Bond          Angle    Proper Dih. Per. Imp. Dih.          LJ-14
    6.79042e+03    1.92358e+04    2.51574e+04    1.15849e+03    9.18168e+03
     Coulomb-14        LJ (SR)   Coulomb (SR)   Coul. recip. Position Rest.
    1.16819e+05    1.69969e+05   -1.67362e+06    1.04743e+04    2.58612e+03
      Potential    Kinetic En.   Total Energy  Conserved En.    Temperature
   -1.31225e+06    2.52978e+05   -1.05927e+06   -1.29713e+06    3.00991e+02
 Pressure (bar)   Constr. rmsd
   -4.00043e+02    3.88064e-06

           Step           Time
           1500        3.00000

   Energies (kJ/mol)
           Bond          Angle    Proper Dih. Per. Imp. Dih.          LJ-14
    6.76596e+03    1.87597e+04    2.51150e+04    1.24330e+03    9.14474e+03
     Coulomb-14        LJ (SR)   Coulomb (SR)   Coul. recip. Position Rest.
    1.16858e+05    1.67612e+05   -1.67119e+06    1.03667e+04    2.66745e+03
      Potential    Kinetic En.   Total Energy  Conserved En.    Temperature
   -1.31266e+06    2.51885e+05   -1.06077e+06   -1.29713e+06    2.99691e+02
 Pressure (bar)   Constr. rmsd
   -6.61294e+02    4.00618e-06

           Step           Time
           2000        4.00000

   Energies (kJ/mol)
           Bond          Angle    Proper Dih. Per. Imp. Dih.          LJ-14
    6.94326e+03    1.89894e+04    2.51201e+04    1.17633e+03    9.16397e+03
     Coulomb-14        LJ (SR)   Coulomb (SR)   Coul. recip. Position Rest.
    1.16673e+05    1.67970e+05   -1.67240e+06    1.02065e+04    2.43003e+03
      Potential    Kinetic En.   Total Energy  Conserved En.    Temperature
   -1.31373e+06    2.51028e+05   -1.06270e+06   -1.29709e+06    2.98671e+02
 Pressure (bar)   Constr. rmsd
   -3.31998e+02    3.97136e-06

           Step           Time
           2500        5.00000

   Energies (kJ/mol)
           Bond          Angle    Proper Dih. Per. Imp. Dih.          LJ-14
    6.88391e+03    1.91543e+04    2.50390e+04    1.22631e+03    9.21486e+03
     Coulomb-14        LJ (SR)   Coulomb (SR)   Coul. recip. Position Rest.
    1.16731e+05    1.67760e+05   -1.67171e+06    1.03492e+04    2.62327e+03
      Potential    Kinetic En.   Total Energy  Conserved En.    Temperature
   -1.31273e+06    2.51388e+05   -1.06134e+06   -1.29707e+06    2.99099e+02
 Pressure (bar)   Constr. rmsd
   -1.50386e+02    4.04286e-06

           Step           Time
           3000        6.00000

   Energies (kJ/mol)
           Bond          Angle    Proper Dih. Per. Imp. Dih.          LJ-14
    6.81247e+03    1.92222e+04    2.50507e+04    1.21885e+03    9.07213e+03
     Coulomb-14        LJ (SR)   Coulomb (SR)   Coul. recip. Position Rest.
    1.16725e+05    1.66541e+05   -1.66820e+06    1.02672e+04    2.61241e+03
      Potential    Kinetic En.   Total Energy  Conserved En.    Temperature
   -1.31068e+06    2.53222e+05   -1.05746e+06   -1.29711e+06    3.01281e+02
 Pressure (bar)   Constr. rmsd
   -5.06151e+02    4.01666e-06

           Step           Time
           3500        7.00000

   Energies (kJ/mol)
           Bond          Angle    Proper Dih. Per. Imp. Dih.          LJ-14
    6.95759e+03    1.95153e+04    2.48787e+04    1.17232e+03    9.25574e+03
     Coulomb-14        LJ (SR)   Coulomb (SR)   Coul. recip. Position Rest.
    1.16783e+05    1.64747e+05   -1.66788e+06    1.02769e+04    2.54211e+03
      Potential    Kinetic En.   Total Energy  Conserved En.    Temperature
   -1.31175e+06    2.52260e+05   -1.05949e+06   -1.29703e+06    3.00137e+02
 Pressure (bar)   Constr. rmsd
   -5.13254e+02    4.16013e-06

           Step           Time
           4000        8.00000

   Energies (kJ/mol)
           Bond          Angle    Proper Dih. Per. Imp. Dih.          LJ-14
    6.94636e+03    1.90104e+04    2.51210e+04    1.28411e+03    9.19979e+03
     Coulomb-14        LJ (SR)   Coulomb (SR)   Coul. recip. Position Rest.
    1.16950e+05    1.67104e+05   -1.66969e+06    1.03564e+04    2.67288e+03
      Potential    Kinetic En.   Total Energy  Conserved En.    Temperature
   -1.31105e+06    2.50236e+05   -1.06081e+06   -1.29700e+06    2.97729e+02
 Pressure (bar)   Constr. rmsd
   -2.77358e+02    3.95663e-06

           Step           Time
           4500        9.00000

   Energies (kJ/mol)
           Bond          Angle    Proper Dih. Per. Imp. Dih.          LJ-14
    6.71456e+03    1.94071e+04    2.49949e+04    1.17868e+03    9.14162e+03
     Coulomb-14        LJ (SR)   Coulomb (SR)   Coul. recip. Position Rest.
    1.17030e+05    1.66173e+05   -1.66971e+06    1.02077e+04    2.48029e+03
      Potential    Kinetic En.   Total Energy  Conserved En.    Temperature
   -1.31238e+06    2.53864e+05   -1.05852e+06   -1.29704e+06    3.02045e+02
 Pressure (bar)   Constr. rmsd
   -5.59901e+02    3.99309e-06

           Step           Time
           5000       10.00000

   Energies (kJ/mol)
           Bond          Angle    Proper Dih. Per. Imp. Dih.          LJ-14
    6.99446e+03    1.93852e+04    2.49740e+04    1.14093e+03    9.22330e+03
     Coulomb-14        LJ (SR)   Coulomb (SR)   Coul. recip. Position Rest.
    1.16982e+05    1.68558e+05   -1.67208e+06    1.05109e+04    2.51992e+03
      Potential    Kinetic En.   Total Energy  Conserved En.    Temperature
   -1.31179e+06    2.52398e+05   -1.05939e+06   -1.29697e+06    3.00300e+02
 Pressure (bar)   Constr. rmsd
   -2.43588e+02    4.03428e-06

Writing checkpoint, step 5450 at Sat Sep 12 21:01:38 2026


           Step           Time
           5500       11.00000

   Energies (kJ/mol)
           Bond          Angle    Proper Dih. Per. Imp. Dih.          LJ-14
    6.78297e+03    1.90859e+04    2.48577e+04    1.09967e+03    9.32452e+03
     Coulomb-14        LJ (SR)   Coulomb (SR)   Coul. recip. Position Rest.
    1.17261e+05    1.68014e+05   -1.67190e+06    1.04948e+04    2.55228e+03
      Potential    Kinetic En.   Total Energy  Conserved En.    Temperature
   -1.31242e+06    2.49651e+05   -1.06277e+06   -1.29692e+06    2.97033e+02
 Pressure (bar)   Constr. rmsd
   -2.40984e+02    3.93561e-06

           Step           Time
           6000       12.00000

   Energies (kJ/mol)
           Bond          Angle    Proper Dih. Per. Imp. Dih.          LJ-14
    7.24082e+03    1.93475e+04    2.50183e+04    1.21076e+03    9.16210e+03
     Coulomb-14        LJ (SR)   Coulomb (SR)   Coul. recip. Position Rest.
    1.16887e+05    1.70976e+05   -1.67452e+06    1.01759e+04    2.65263e+03
      Potential    Kinetic En.   Total Energy  Conserved En.    Temperature
   -1.31185e+06    2.51986e+05   -1.05986e+06   -1.29695e+06    2.99810e+02
 Pressure (bar)   Constr. rmsd
   -3.12395e+02    4.04657e-06

           Step           Time
           6500       13.00000

   Energies (kJ/mol)
           Bond          Angle    Proper Dih. Per. Imp. Dih.          LJ-14
    6.82801e+03    1.90326e+04    2.49670e+04    1.14933e+03    9.23470e+03
     Coulomb-14        LJ (SR)   Coulomb (SR)   Coul. recip. Position Rest.
    1.17392e+05    1.65887e+05   -1.66877e+06    1.03584e+04    2.56615e+03
      Potential    Kinetic En.   Total Energy  Conserved En.    Temperature
   -1.31135e+06    2.52046e+05   -1.05931e+06   -1.29697e+06    2.99881e+02
 Pressure (bar)   Constr. rmsd
   -1.76074e+02    4.13387e-06

           Step           Time
           7000       14.00000

   Energies (kJ/mol)
           Bond          Angle    Proper Dih. Per. Imp. Dih.          LJ-14
    7.17896e+03    1.96126e+04    2.51024e+04    1.13396e+03    9.07882e+03
     Coulomb-14        LJ (SR)   Coulomb (SR)   Coul. recip. Position Rest.
    1.17095e+05    1.65602e+05   -1.66899e+06    1.03358e+04    2.49478e+03
      Potential    Kinetic En.   Total Energy  Conserved En.    Temperature
   -1.31135e+06    2.53807e+05   -1.05754e+06   -1.29694e+06    3.01977e+02
 Pressure (bar)   Constr. rmsd
   -7.21247e+02    4.19932e-06

           Step           Time
           7500       15.00000

   Energies (kJ/mol)
           Bond          Angle    Proper Dih. Per. Imp. Dih.          LJ-14
    7.11809e+03    1.97456e+04    2.49217e+04    1.09875e+03    9.13075e+03
     Coulomb-14        LJ (SR)   Coulomb (SR)   Coul. recip. Position Rest.
    1.17047e+05    1.64559e+05   -1.66705e+06    1.04156e+04    2.60294e+03
      Potential    Kinetic En.   Total Energy  Conserved En.    Temperature
   -1.31041e+06    2.51790e+05   -1.05862e+06   -1.29686e+06    2.99578e+02
 Pressure (bar)   Constr. rmsd
   -9.43040e+02    3.98947e-06

           Step           Time
           8000       16.00000

   Energies (kJ/mol)
           Bond          Angle    Proper Dih. Per. Imp. Dih.          LJ-14
    6.99129e+03    1.92042e+04    2.50334e+04    1.13516e+03    9.17641e+03
     Coulomb-14        LJ (SR)   Coulomb (SR)   Coul. recip. Position Rest.
    1.16988e+05    1.66640e+05   -1.67022e+06    1.02332e+04    2.50435e+03
      Potential    Kinetic En.   Total Energy  Conserved En.    Temperature
   -1.31231e+06    2.52536e+05   -1.05977e+06   -1.29691e+06    3.00465e+02
 Pressure (bar)   Constr. rmsd
   -7.40479e+02    3.93896e-06

           Step           Time
           8500       17.00000

   Energies (kJ/mol)
           Bond          Angle    Proper Dih. Per. Imp. Dih.          LJ-14
    6.94012e+03    1.91127e+04    2.50327e+04    1.22284e+03    9.15571e+03
     Coulomb-14        LJ (SR)   Coulomb (SR)   Coul. recip. Position Rest.
    1.17336e+05    1.66241e+05   -1.66992e+06    1.02870e+04    2.61345e+03
      Potential    Kinetic En.   Total Energy  Conserved En.    Temperature
   -1.31197e+06    2.50659e+05   -1.06131e+06   -1.29694e+06    2.98232e+02
 Pressure (bar)   Constr. rmsd
   -7.10970e+02    4.03757e-06

           Step           Time
           9000       18.00000

   Energies (kJ/mol)
           Bond          Angle    Proper Dih. Per. Imp. Dih.          LJ-14
    6.91686e+03    1.94689e+04    2.50922e+04    1.15345e+03    9.23243e+03
     Coulomb-14        LJ (SR)   Coulomb (SR)   Coul. recip. Position Rest.
    1.16997e+05    1.66539e+05   -1.67174e+06    1.02520e+04    2.67622e+03
      Potential    Kinetic En.   Total Energy  Conserved En.    Temperature
   -1.31341e+06    2.53459e+05   -1.05995e+06   -1.29686e+06    3.01563e+02
 Pressure (bar)   Constr. rmsd
   -7.33458e+02    3.85333e-06

           Step           Time
           9500       19.00000

   Energies (kJ/mol)
           Bond          Angle    Proper Dih. Per. Imp. Dih.          LJ-14
    6.90072e+03    1.94885e+04    2.51519e+04    1.21100e+03    9.25433e+03
     Coulomb-14        LJ (SR)   Coulomb (SR)   Coul. recip. Position Rest.
    1.17045e+05    1.66546e+05   -1.67156e+06    1.01942e+04    2.72274e+03
      Potential    Kinetic En.   Total Energy  Conserved En.    Temperature
   -1.31304e+06    2.54107e+05   -1.05894e+06   -1.29687e+06    3.02334e+02
 Pressure (bar)   Constr. rmsd
   -2.65935e+02    4.11658e-06

           Step           Time
          10000       20.00000

   Energies (kJ/mol)
           Bond          Angle    Proper Dih. Per. Imp. Dih.          LJ-14
    7.03345e+03    1.92567e+04    2.50848e+04    1.19289e+03    9.10071e+03
     Coulomb-14        LJ (SR)   Coulomb (SR)   Coul. recip. Position Rest.
    1.16693e+05    1.67918e+05   -1.67036e+06    1.02847e+04    2.59707e+03
      Potential    Kinetic En.   Total Energy  Conserved En.    Temperature
   -1.31120e+06    2.52410e+05   -1.05879e+06   -1.29688e+06    3.00315e+02
 Pressure (bar)   Constr. rmsd
   -5.13681e+02    4.19145e-06

           Step           Time
          10500       21.00000

   Energies (kJ/mol)
           Bond          Angle    Proper Dih. Per. Imp. Dih.          LJ-14
    7.16454e+03    1.88719e+04    2.49938e+04    1.13449e+03    9.29822e+03
     Coulomb-14        LJ (SR)   Coulomb (SR)   Coul. recip. Position Rest.
    1.16939e+05    1.66537e+05   -1.67076e+06    1.02663e+04    2.59390e+03
      Potential    Kinetic En.   Total Energy  Conserved En.    Temperature
   -1.31296e+06    2.53033e+05   -1.05992e+06   -1.29687e+06    3.01056e+02
 Pressure (bar)   Constr. rmsd
   -1.56355e+02    4.09277e-06

           Step           Time
          11000       22.00000

   Energies (kJ/mol)
           Bond          Angle    Proper Dih. Per. Imp. Dih.          LJ-14
    6.85672e+03    1.95596e+04    2.50212e+04    1.07323e+03    9.28249e+03
     Coulomb-14        LJ (SR)   Coulomb (SR)   Coul. recip. Position Rest.
    1.16979e+05    1.66904e+05   -1.67104e+06    1.03448e+04    2.60926e+03
      Potential    Kinetic En.   Total Energy  Conserved En.    Temperature
   -1.31241e+06    2.52210e+05   -1.06020e+06   -1.29681e+06    3.00077e+02
 Pressure (bar)   Constr. rmsd
   -7.62489e+02    4.00415e-06

Writing checkpoint, step 11300 at Sat Sep 12 21:16:34 2026


           Step           Time
          11500       23.00000

   Energies (kJ/mol)
           Bond          Angle    Proper Dih. Per. Imp. Dih.          LJ-14
    7.02152e+03    1.91851e+04    2.47922e+04    1.10511e+03    9.25869e+03
     Coulomb-14        LJ (SR)   Coulomb (SR)   Coul. recip. Position Rest.
    1.16947e+05    1.66259e+05   -1.67070e+06    1.03230e+04    2.62194e+03
      Potential    Kinetic En.   Total Energy  Conserved En.    Temperature
   -1.31318e+06    2.52577e+05   -1.06061e+06   -1.29685e+06    3.00514e+02
 Pressure (bar)   Constr. rmsd
   -3.80510e+02    4.17185e-06

           Step           Time
          12000       24.00000

   Energies (kJ/mol)
           Bond          Angle    Proper Dih. Per. Imp. Dih.          LJ-14
    7.09634e+03    1.97031e+04    2.48454e+04    1.17165e+03    9.18566e+03
     Coulomb-14        LJ (SR)   Coulomb (SR)   Coul. recip. Position Rest.
    1.16783e+05    1.67660e+05   -1.67098e+06    1.03274e+04    2.52843e+03
      Potential    Kinetic En.   Total Energy  Conserved En.    Temperature
   -1.31168e+06    2.51993e+05   -1.05969e+06   -1.29680e+06    2.99818e+02
 Pressure (bar)   Constr. rmsd
   -7.39315e+02    3.86922e-06

           Step           Time
          12500       25.00000

   Energies (kJ/mol)
           Bond          Angle    Proper Dih. Per. Imp. Dih.          LJ-14
    6.85097e+03    1.91006e+04    2.49419e+04    1.15033e+03    9.15155e+03
     Coulomb-14        LJ (SR)   Coulomb (SR)   Coul. recip. Position Rest.
    1.16909e+05    1.66914e+05   -1.67158e+06    1.04489e+04    2.57792e+03
      Potential    Kinetic En.   Total Energy  Conserved En.    Temperature
   -1.31354e+06    2.50726e+05   -1.06281e+06   -1.29682e+06    2.98312e+02
 Pressure (bar)   Constr. rmsd
   -8.06363e+02    3.95762e-06

           Step           Time
          13000       26.00000

   Energies (kJ/mol)
           Bond          Angle    Proper Dih. Per. Imp. Dih.          LJ-14
    6.71700e+03    1.98348e+04    2.51828e+04    1.17716e+03    9.23070e+03
     Coulomb-14        LJ (SR)   Coulomb (SR)   Coul. recip. Position Rest.
    1.17064e+05    1.67821e+05   -1.67036e+06    1.03768e+04    2.48695e+03
      Potential    Kinetic En.   Total Energy  Conserved En.    Temperature
   -1.31046e+06    2.52711e+05   -1.05775e+06   -1.29680e+06    3.00674e+02
 Pressure (bar)   Constr. rmsd
   -3.72030e+02    4.03898e-06

           Step           Time
          13500       27.00000

   Energies (kJ/mol)
           Bond          Angle    Proper Dih. Per. Imp. Dih.          LJ-14
    7.04580e+03    1.95304e+04    2.51057e+04    1.20830e+03    9.14811e+03
     Coulomb-14        LJ (SR)   Coulomb (SR)   Coul. recip. Position Rest.
    1.16798e+05    1.66064e+05   -1.66903e+06    1.01043e+04    2.70365e+03
      Potential    Kinetic En.   Total Energy  Conserved En.    Temperature
   -1.31132e+06    2.52570e+05   -1.05875e+06   -1.29680e+06    3.00505e+02
 Pressure (bar)   Constr. rmsd
   -6.07547e+02    3.88167e-06

           Step           Time
          14000       28.00000

   Energies (kJ/mol)
           Bond          Angle    Proper Dih. Per. Imp. Dih.          LJ-14
    7.09587e+03    1.92996e+04    2.48985e+04    1.15641e+03    9.08950e+03
     Coulomb-14        LJ (SR)   Coulomb (SR)   Coul. recip. Position Rest.
    1.16680e+05    1.68521e+05   -1.67204e+06    1.03872e+04    2.54736e+03
      Potential    Kinetic En.   Total Energy  Conserved En.    Temperature
   -1.31237e+06    2.51522e+05   -1.06085e+06   -1.29677e+06    2.99259e+02
 Pressure (bar)   Constr. rmsd
   -4.15994e+02    4.01477e-06

           Step           Time
          14500       29.00000

   Energies (kJ/mol)
           Bond          Angle    Proper Dih. Per. Imp. Dih.          LJ-14
    6.87166e+03    1.89978e+04    2.50896e+04    1.21049e+03    9.22421e+03
     Coulomb-14        LJ (SR)   Coulomb (SR)   Coul. recip. Position Rest.
    1.16984e+05    1.64716e+05   -1.66848e+06    1.03007e+04    2.53344e+03
      Potential    Kinetic En.   Total Energy  Conserved En.    Temperature
   -1.31255e+06    2.50597e+05   -1.06195e+06   -1.29678e+06    2.98158e+02
 Pressure (bar)   Constr. rmsd
   -4.60776e+02    3.96939e-06

           Step           Time
          15000       30.00000

   Energies (kJ/mol)
           Bond          Angle    Proper Dih. Per. Imp. Dih.          LJ-14
    6.83268e+03    1.95079e+04    2.49253e+04    1.15269e+03    9.22730e+03
     Coulomb-14        LJ (SR)   Coulomb (SR)   Coul. recip. Position Rest.
    1.16941e+05    1.67147e+05   -1.67127e+06    1.03458e+04    2.63087e+03
      Potential    Kinetic En.   Total Energy  Conserved En.    Temperature
   -1.31256e+06    2.51951e+05   -1.06061e+06   -1.29677e+06    2.99768e+02
 Pressure (bar)   Constr. rmsd
   -4.24671e+02    3.96741e-06

           Step           Time
          15500       31.00000

   Energies (kJ/mol)
           Bond          Angle    Proper Dih. Per. Imp. Dih.          LJ-14
    6.98627e+03    1.95341e+04    2.49732e+04    1.14442e+03    9.23900e+03
     Coulomb-14        LJ (SR)   Coulomb (SR)   Coul. recip. Position Rest.
    1.16798e+05    1.66847e+05   -1.66935e+06    1.02565e+04    2.59235e+03
      Potential    Kinetic En.   Total Energy  Conserved En.    Temperature
   -1.31098e+06    2.53533e+05   -1.05744e+06   -1.29676e+06    3.01651e+02
 Pressure (bar)   Constr. rmsd
   -1.68824e+02    4.13911e-06

           Step           Time
          16000       32.00000

   Energies (kJ/mol)
           Bond          Angle    Proper Dih. Per. Imp. Dih.          LJ-14
    6.95282e+03    1.93510e+04    2.49737e+04    1.14078e+03    9.08908e+03
     Coulomb-14        LJ (SR)   Coulomb (SR)   Coul. recip. Position Rest.
    1.17019e+05    1.68699e+05   -1.67418e+06    1.02202e+04    2.45895e+03
      Potential    Kinetic En.   Total Energy  Conserved En.    Temperature
   -1.31427e+06    2.52987e+05   -1.06129e+06   -1.29673e+06    3.01001e+02
 Pressure (bar)   Constr. rmsd
   -5.56993e+02    4.00739e-06

           Step           Time
          16500       33.00000

   Energies (kJ/mol)
           Bond          Angle    Proper Dih. Per. Imp. Dih.          LJ-14
    7.13587e+03    1.92011e+04    2.49875e+04    1.12536e+03    9.21136e+03
     Coulomb-14        LJ (SR)   Coulomb (SR)   Coul. recip. Position Rest.
    1.16579e+05    1.64985e+05   -1.66844e+06    1.02729e+04    2.57083e+03
      Potential    Kinetic En.   Total Energy  Conserved En.    Temperature
   -1.31237e+06    2.50785e+05   -1.06158e+06   -1.29671e+06    2.98382e+02
 Pressure (bar)   Constr. rmsd
   -6.37607e+02    4.06180e-06

           Step           Time
          17000       34.00000

   Energies (kJ/mol)
           Bond          Angle    Proper Dih. Per. Imp. Dih.          LJ-14
    7.12629e+03    1.91370e+04    2.50679e+04    1.26919e+03    9.30996e+03
     Coulomb-14        LJ (SR)   Coulomb (SR)   Coul. recip. Position Rest.
    1.16980e+05    1.65619e+05   -1.66854e+06    1.03050e+04    2.57299e+03
      Potential    Kinetic En.   Total Energy  Conserved En.    Temperature
   -1.31116e+06    2.52305e+05   -1.05885e+06   -1.29673e+06    3.00190e+02
 Pressure (bar)   Constr. rmsd
   -4.01163e+02    4.01894e-06

Writing checkpoint, step 17450 at Sat Sep 12 21:31:38 2026


           Step           Time
          17500       35.00000

   Energies (kJ/mol)
           Bond          Angle    Proper Dih. Per. Imp. Dih.          LJ-14
    6.80594e+03    1.95842e+04    2.49926e+04    1.23834e+03    9.13234e+03
     Coulomb-14        LJ (SR)   Coulomb (SR)   Coul. recip. Position Rest.
    1.16698e+05    1.64989e+05   -1.66736e+06    1.04318e+04    2.59483e+03
      Potential    Kinetic En.   Total Energy  Conserved En.    Temperature
   -1.31089e+06    2.53101e+05   -1.05779e+06   -1.29672e+06    3.01137e+02
 Pressure (bar)   Constr. rmsd
   -8.02457e+02    4.06296e-06

           Step           Time
          18000       36.00000

   Energies (kJ/mol)
           Bond          Angle    Proper Dih. Per. Imp. Dih.          LJ-14
    6.88250e+03    1.94018e+04    2.50968e+04    1.11720e+03    9.36209e+03
     Coulomb-14        LJ (SR)   Coulomb (SR)   Coul. recip. Position Rest.
    1.17110e+05    1.65480e+05   -1.66829e+06    1.00897e+04    2.60049e+03
      Potential    Kinetic En.   Total Energy  Conserved En.    Temperature
   -1.31115e+06    2.52598e+05   -1.05855e+06   -1.29669e+06    3.00539e+02
 Pressure (bar)   Constr. rmsd
   -4.48411e+02    4.06528e-06

           Step           Time
          18500       37.00000

   Energies (kJ/mol)
           Bond          Angle    Proper Dih. Per. Imp. Dih.          LJ-14
    7.13056e+03    1.91433e+04    2.49989e+04    1.18983e+03    9.07552e+03
     Coulomb-14        LJ (SR)   Coulomb (SR)   Coul. recip. Position Rest.
    1.16681e+05    1.67256e+05   -1.66982e+06    1.03099e+04    2.66711e+03
      Potential    Kinetic En.   Total Energy  Conserved En.    Temperature
   -1.31137e+06    2.52980e+05   -1.05839e+06   -1.29669e+06    3.00994e+02
 Pressure (bar)   Constr. rmsd
   -6.75818e+02    4.20188e-06

           Step           Time
          19000       38.00000

   Energies (kJ/mol)
           Bond          Angle    Proper Dih. Per. Imp. Dih.          LJ-14
    6.99448e+03    1.94538e+04    2.48448e+04    1.22278e+03    9.16755e+03
     Coulomb-14        LJ (SR)   Coulomb (SR)   Coul. recip. Position Rest.
    1.16700e+05    1.65513e+05   -1.66889e+06    1.03027e+04    2.66997e+03
      Potential    Kinetic En.   Total Energy  Conserved En.    Temperature
   -1.31202e+06    2.53018e+05   -1.05900e+06   -1.29664e+06    3.01039e+02
 Pressure (bar)   Constr. rmsd
   -9.47380e+02    4.08492e-06

           Step           Time
          19500       39.00000

   Energies (kJ/mol)
           Bond          Angle    Proper Dih. Per. Imp. Dih.          LJ-14
    7.01540e+03    1.97240e+04    2.48058e+04    1.10003e+03    9.25434e+03
     Coulomb-14        LJ (SR)   Coulomb (SR)   Coul. recip. Position Rest.
    1.16902e+05    1.66221e+05   -1.66978e+06    1.02392e+04    2.60726e+03
      Potential    Kinetic En.   Total Energy  Conserved En.    Temperature
   -1.31191e+06    2.52424e+05   -1.05948e+06   -1.29662e+06    3.00332e+02
 Pressure (bar)   Constr. rmsd
   -6.17183e+02    4.00654e-06

           Step           Time
          20000       40.00000

   Energies (kJ/mol)
           Bond          Angle    Proper Dih. Per. Imp. Dih.          LJ-14
    6.97456e+03    1.94720e+04    2.49722e+04    1.26266e+03    9.27104e+03
     Coulomb-14        LJ (SR)   Coulomb (SR)   Coul. recip. Position Rest.
    1.17037e+05    1.66183e+05   -1.66861e+06    1.02658e+04    2.61744e+03
      Potential    Kinetic En.   Total Energy  Conserved En.    Temperature
   -1.31056e+06    2.51623e+05   -1.05894e+06   -1.29662e+06    2.99379e+02
 Pressure (bar)   Constr. rmsd
   -3.54308e+02    3.92665e-06

           Step           Time
          20500       41.00000

   Energies (kJ/mol)
           Bond          Angle    Proper Dih. Per. Imp. Dih.          LJ-14
    6.82771e+03    1.95238e+04    2.48485e+04    1.16619e+03    9.28045e+03
     Coulomb-14        LJ (SR)   Coulomb (SR)   Coul. recip. Position Rest.
    1.16813e+05    1.67192e+05   -1.67158e+06    1.02031e+04    2.71430e+03
      Potential    Kinetic En.   Total Energy  Conserved En.    Temperature
   -1.31301e+06    2.52210e+05   -1.06080e+06   -1.29659e+06    3.00077e+02
 Pressure (bar)   Constr. rmsd
   -1.53188e+02    3.92137e-06

           Step           Time
          21000       42.00000

   Energies (kJ/mol)
           Bond          Angle    Proper Dih. Per. Imp. Dih.          LJ-14
    6.99383e+03    1.92337e+04    2.50460e+04    1.17883e+03    9.25329e+03
     Coulomb-14        LJ (SR)   Coulomb (SR)   Coul. recip. Position Rest.
    1.17128e+05    1.67321e+05   -1.67182e+06    1.04468e+04    2.58055e+03
      Potential    Kinetic En.   Total Energy  Conserved En.    Temperature
   -1.31264e+06    2.52476e+05   -1.06016e+06   -1.29658e+06    3.00394e+02
 Pressure (bar)   Constr. rmsd
   -4.16590e+02    3.99092e-06

           Step           Time
          21500       43.00000

   Energies (kJ/mol)
           Bond          Angle    Proper Dih. Per. Imp. Dih.          LJ-14
    7.25832e+03    1.94442e+04    2.49768e+04    1.17810e+03    9.15666e+03
     Coulomb-14        LJ (SR)   Coulomb (SR)   Coul. recip. Position Rest.
    1.16555e+05    1.65950e+05   -1.66678e+06    1.01887e+04    2.72148e+03
      Potential    Kinetic En.   Total Energy  Conserved En.    Temperature
   -1.30935e+06    2.52448e+05   -1.05690e+06   -1.29654e+06    3.00361e+02
 Pressure (bar)   Constr. rmsd
   -4.80588e+02    3.99390e-06

           Step           Time
          22000       44.00000

   Energies (kJ/mol)
           Bond          Angle    Proper Dih. Per. Imp. Dih.          LJ-14
    6.86154e+03    1.92102e+04    2.50527e+04    1.17297e+03    9.09323e+03
     Coulomb-14        LJ (SR)   Coulomb (SR)   Coul. recip. Position Rest.
    1.16772e+05    1.66176e+05   -1.67087e+06    1.02803e+04    2.56173e+03
      Potential    Kinetic En.   Total Energy  Conserved En.    Temperature
   -1.31369e+06    2.51243e+05   -1.06245e+06   -1.29659e+06    2.98927e+02
 Pressure (bar)   Constr. rmsd
   -5.71680e+02    4.00823e-06

           Step           Time
          22500       45.00000

   Energies (kJ/mol)
           Bond          Angle    Proper Dih. Per. Imp. Dih.          LJ-14
    6.91940e+03    1.91667e+04    2.49768e+04    1.07181e+03    9.28347e+03
     Coulomb-14        LJ (SR)   Coulomb (SR)   Coul. recip. Position Rest.
    1.17235e+05    1.68233e+05   -1.67370e+06    1.02405e+04    2.61742e+03
      Potential    Kinetic En.   Total Energy  Conserved En.    Temperature
   -1.31396e+06    2.51561e+05   -1.06240e+06   -1.29656e+06    2.99304e+02
 Pressure (bar)   Constr. rmsd
   -3.58581e+02    4.03168e-06

           Step           Time
          23000       46.00000

   Energies (kJ/mol)
           Bond          Angle    Proper Dih. Per. Imp. Dih.          LJ-14
    6.92482e+03    1.93950e+04    2.50390e+04    1.10920e+03    9.21975e+03
     Coulomb-14        LJ (SR)   Coulomb (SR)   Coul. recip. Position Rest.
    1.16326e+05    1.67516e+05   -1.67136e+06    1.02562e+04    2.53583e+03
      Potential    Kinetic En.   Total Energy  Conserved En.    Temperature
   -1.31303e+06    2.52429e+05   -1.06061e+06   -1.29660e+06    3.00338e+02
 Pressure (bar)   Constr. rmsd
   -2.65377e+02    4.26739e-06

Writing checkpoint, step 23450 at Sat Sep 12 21:46:37 2026


           Step           Time
          23500       47.00000

   Energies (kJ/mol)
           Bond          Angle    Proper Dih. Per. Imp. Dih.          LJ-14
    6.98542e+03    1.89698e+04    2.48421e+04    1.10380e+03    9.19421e+03
     Coulomb-14        LJ (SR)   Coulomb (SR)   Coul. recip. Position Rest.
    1.17087e+05    1.66220e+05   -1.67145e+06    1.02632e+04    2.57935e+03
      Potential    Kinetic En.   Total Energy  Conserved En.    Temperature
   -1.31421e+06    2.51504e+05   -1.06270e+06   -1.29657e+06    2.99237e+02
 Pressure (bar)   Constr. rmsd
   -7.24582e+02    4.04981e-06

           Step           Time
          24000       48.00000

   Energies (kJ/mol)
           Bond          Angle    Proper Dih. Per. Imp. Dih.          LJ-14
    6.85207e+03    1.96918e+04    2.48038e+04    1.06729e+03    9.31107e+03
     Coulomb-14        LJ (SR)   Coulomb (SR)   Coul. recip. Position Rest.
    1.17132e+05    1.65152e+05   -1.67002e+06    1.03176e+04    2.48472e+03
      Potential    Kinetic En.   Total Energy  Conserved En.    Temperature
   -1.31320e+06    2.51911e+05   -1.06129e+06   -1.29652e+06    2.99721e+02
 Pressure (bar)   Constr. rmsd
   -3.92588e+02    4.06487e-06

           Step           Time
          24500       49.00000

   Energies (kJ/mol)
           Bond          Angle    Proper Dih. Per. Imp. Dih.          LJ-14
    7.09103e+03    1.93283e+04    2.49930e+04    1.15616e+03    9.12721e+03
     Coulomb-14        LJ (SR)   Coulomb (SR)   Coul. recip. Position Rest.
    1.17037e+05    1.67205e+05   -1.67104e+06    1.03964e+04    2.64824e+03
      Potential    Kinetic En.   Total Energy  Conserved En.    Temperature
   -1.31206e+06    2.51554e+05   -1.06050e+06   -1.29652e+06    2.99297e+02
 Pressure (bar)   Constr. rmsd
   -4.64438e+02    4.11782e-06

           Step           Time
          25000       50.00000

   Energies (kJ/mol)
           Bond          Angle    Proper Dih. Per. Imp. Dih.          LJ-14
    6.89325e+03    1.93979e+04    2.49705e+04    1.17728e+03    9.20681e+03
     Coulomb-14        LJ (SR)   Coulomb (SR)   Coul. recip. Position Rest.
    1.17106e+05    1.66915e+05   -1.66929e+06    1.03054e+04    2.59606e+03
      Potential    Kinetic En.   Total Energy  Conserved En.    Temperature
   -1.31072e+06    2.53410e+05   -1.05731e+06   -1.29652e+06    3.01505e+02
 Pressure (bar)   Constr. rmsd
   -4.76683e+02    4.06346e-06

           Step           Time
          25500       51.00000

   Energies (kJ/mol)
           Bond          Angle    Proper Dih. Per. Imp. Dih.          LJ-14
    7.11856e+03    1.93276e+04    2.48302e+04    1.19478e+03    9.18991e+03
     Coulomb-14        LJ (SR)   Coulomb (SR)   Coul. recip. Position Rest.
    1.16672e+05    1.65543e+05   -1.66749e+06    1.04166e+04    2.61038e+03
      Potential    Kinetic En.   Total Energy  Conserved En.    Temperature
   -1.31058e+06    2.52606e+05   -1.05798e+06   -1.29653e+06    3.00548e+02
 Pressure (bar)   Constr. rmsd
   -5.42649e+02    4.15388e-06

           Step           Time
          26000       52.00000

   Energies (kJ/mol)
           Bond          Angle    Proper Dih. Per. Imp. Dih.          LJ-14
    7.00891e+03    1.92575e+04    2.50940e+04    1.29630e+03    9.15383e+03
     Coulomb-14        LJ (SR)   Coulomb (SR)   Coul. recip. Position Rest.
    1.16576e+05    1.66445e+05   -1.67036e+06    1.02995e+04    2.52978e+03
      Potential    Kinetic En.   Total Energy  Conserved En.    Temperature
   -1.31270e+06    2.52376e+05   -1.06032e+06   -1.29653e+06    3.00274e+02
 Pressure (bar)   Constr. rmsd
   -5.78535e+02    3.94883e-06

           Step           Time
          26500       53.00000

   Energies (kJ/mol)
           Bond          Angle    Proper Dih. Per. Imp. Dih.          LJ-14
    6.90480e+03    1.94957e+04    2.50059e+04    1.19203e+03    9.27831e+03
     Coulomb-14        LJ (SR)   Coulomb (SR)   Coul. recip. Position Rest.
    1.17359e+05    1.68158e+05   -1.67291e+06    1.03377e+04    2.61664e+03
      Potential    Kinetic En.   Total Energy  Conserved En.    Temperature
   -1.31256e+06    2.51706e+05   -1.06085e+06   -1.29645e+06    2.99478e+02
 Pressure (bar)   Constr. rmsd
   -4.44176e+02    4.00287e-06

           Step           Time
          27000       54.00000

   Energies (kJ/mol)
           Bond          Angle    Proper Dih. Per. Imp. Dih.          LJ-14
    7.04559e+03    1.94607e+04    2.49127e+04    1.09645e+03    9.11188e+03
     Coulomb-14        LJ (SR)   Coulomb (SR)   Coul. recip. Position Rest.
    1.17017e+05    1.65770e+05   -1.66953e+06    1.02500e+04    2.45202e+03
      Potential    Kinetic En.   Total Energy  Conserved En.    Temperature
   -1.31242e+06    2.50953e+05   -1.06146e+06   -1.29644e+06    2.98581e+02
 Pressure (bar)   Constr. rmsd
   -7.73848e+02    3.93450e-06

           Step           Time
          27500       55.00000

   Energies (kJ/mol)
           Bond          Angle    Proper Dih. Per. Imp. Dih.          LJ-14
    7.13148e+03    1.93246e+04    2.49086e+04    1.21001e+03    9.10976e+03
     Coulomb-14        LJ (SR)   Coulomb (SR)   Coul. recip. Position Rest.
    1.16601e+05    1.67210e+05   -1.67069e+06    1.02165e+04    2.55536e+03
      Potential    Kinetic En.   Total Energy  Conserved En.    Temperature
   -1.31242e+06    2.53520e+05   -1.05890e+06   -1.29648e+06    3.01636e+02
 Pressure (bar)   Constr. rmsd
   -5.33790e+02    4.17353e-06

           Step           Time
          28000       56.00000

   Energies (kJ/mol)
           Bond          Angle    Proper Dih. Per. Imp. Dih.          LJ-14
    6.98651e+03    1.91668e+04    2.49112e+04    1.14336e+03    9.31480e+03
     Coulomb-14        LJ (SR)   Coulomb (SR)   Coul. recip. Position Rest.
    1.16991e+05    1.67796e+05   -1.67219e+06    1.03017e+04    2.59374e+03
      Potential    Kinetic En.   Total Energy  Conserved En.    Temperature
   -1.31298e+06    2.52110e+05   -1.06087e+06   -1.29643e+06    2.99958e+02
 Pressure (bar)   Constr. rmsd
   -5.32683e+02    4.00754e-06

           Step           Time
          28500       57.00000

   Energies (kJ/mol)
           Bond          Angle    Proper Dih. Per. Imp. Dih.          LJ-14
    7.08894e+03    1.92567e+04    2.49977e+04    1.14890e+03    9.16253e+03
     Coulomb-14        LJ (SR)   Coulomb (SR)   Coul. recip. Position Rest.
    1.16809e+05    1.66105e+05   -1.67146e+06    1.02046e+04    2.56451e+03
      Potential    Kinetic En.   Total Energy  Conserved En.    Temperature
   -1.31412e+06    2.50637e+05   -1.06348e+06   -1.29644e+06    2.98206e+02
 Pressure (bar)   Constr. rmsd
   -4.76509e+02    4.09144e-06

           Step           Time
          29000       58.00000

   Energies (kJ/mol)
           Bond          Angle    Proper Dih. Per. Imp. Dih.          LJ-14
    7.17504e+03    1.95616e+04    2.46961e+04    1.16288e+03    9.06058e+03
     Coulomb-14        LJ (SR)   Coulomb (SR)   Coul. recip. Position Rest.
    1.16983e+05    1.66901e+05   -1.67005e+06    1.04011e+04    2.57103e+03
      Potential    Kinetic En.   Total Energy  Conserved En.    Temperature
   -1.31153e+06    2.52993e+05   -1.05854e+06   -1.29643e+06    3.01008e+02
 Pressure (bar)   Constr. rmsd
   -1.49251e+02    3.87830e-06

           Step           Time
          29500       59.00000

Writing checkpoint, step 29500 at Sat Sep 12 22:01:42 2026


   Energies (kJ/mol)
           Bond          Angle    Proper Dih. Per. Imp. Dih.          LJ-14
    7.01100e+03    1.88715e+04    2.49128e+04    1.21348e+03    9.30762e+03
     Coulomb-14        LJ (SR)   Coulomb (SR)   Coul. recip. Position Rest.
    1.16774e+05    1.67245e+05   -1.67106e+06    1.03265e+04    2.59468e+03
      Potential    Kinetic En.   Total Energy  Conserved En.    Temperature
   -1.31280e+06    2.52855e+05   -1.05995e+06   -1.29646e+06    3.00844e+02
 Pressure (bar)   Constr. rmsd
   -2.45289e+02    4.11027e-06

           Step           Time
          30000       60.00000

   Energies (kJ/mol)
           Bond          Angle    Proper Dih. Per. Imp. Dih.          LJ-14
    7.28436e+03    1.96957e+04    2.49162e+04    1.13169e+03    9.03341e+03
     Coulomb-14        LJ (SR)   Coulomb (SR)   Coul. recip. Position Rest.
    1.16819e+05    1.63996e+05   -1.66672e+06    1.04038e+04    2.58451e+03
      Potential    Kinetic En.   Total Energy  Conserved En.    Temperature
   -1.31085e+06    2.52396e+05   -1.05845e+06   -1.29640e+06    3.00298e+02
 Pressure (bar)   Constr. rmsd
   -8.32128e+02    4.06384e-06

           Step           Time
          30500       61.00000

   Energies (kJ/mol)
           Bond          Angle    Proper Dih. Per. Imp. Dih.          LJ-14
    6.80203e+03    1.92622e+04    2.48545e+04    1.14833e+03    9.18402e+03
     Coulomb-14        LJ (SR)   Coulomb (SR)   Coul. recip. Position Rest.
    1.16936e+05    1.69139e+05   -1.67437e+06    1.04580e+04    2.68504e+03
      Potential    Kinetic En.   Total Energy  Conserved En.    Temperature
   -1.31390e+06    2.51364e+05   -1.06253e+06   -1.29642e+06    2.99071e+02
 Pressure (bar)   Constr. rmsd
   -1.44857e+02    3.92967e-06

           Step           Time
          31000       62.00000

   Energies (kJ/mol)
           Bond          Angle    Proper Dih. Per. Imp. Dih.          LJ-14
    7.11088e+03    1.92923e+04    2.48646e+04    1.26535e+03    9.22400e+03
     Coulomb-14        LJ (SR)   Coulomb (SR)   Coul. recip. Position Rest.
    1.16921e+05    1.66585e+05   -1.67021e+06    1.03279e+04    2.58757e+03
      Potential    Kinetic En.   Total Energy  Conserved En.    Temperature
   -1.31203e+06    2.52452e+05   -1.05958e+06   -1.29638e+06    3.00365e+02
 Pressure (bar)   Constr. rmsd
   -5.70669e+02    4.04677e-06

           Step           Time
          31500       63.00000

   Energies (kJ/mol)
           Bond          Angle    Proper Dih. Per. Imp. Dih.          LJ-14
    7.15031e+03    1.92386e+04    2.48636e+04    1.18408e+03    9.12152e+03
     Coulomb-14        LJ (SR)   Coulomb (SR)   Coul. recip. Position Rest.
    1.16796e+05    1.65793e+05   -1.66909e+06    1.03432e+04    2.63453e+03
      Potential    Kinetic En.   Total Energy  Conserved En.    Temperature
   -1.31196e+06    2.52483e+05   -1.05948e+06   -1.29637e+06    3.00402e+02
 Pressure (bar)   Constr. rmsd
   -3.15931e+02    3.99811e-06

           Step           Time
          32000       64.00000

   Energies (kJ/mol)
           Bond          Angle    Proper Dih. Per. Imp. Dih.          LJ-14
    7.05374e+03    1.92225e+04    2.48641e+04    1.24801e+03    9.16764e+03
     Coulomb-14        LJ (SR)   Coulomb (SR)   Coul. recip. Position Rest.
    1.17158e+05    1.64769e+05   -1.66739e+06    1.03541e+04    2.57865e+03
      Potential    Kinetic En.   Total Energy  Conserved En.    Temperature
   -1.31098e+06    2.52174e+05   -1.05880e+06   -1.29636e+06    3.00034e+02
 Pressure (bar)   Constr. rmsd
   -3.42846e+02    4.02546e-06

           Step           Time
          32500       65.00000

   Energies (kJ/mol)
           Bond          Angle    Proper Dih. Per. Imp. Dih.          LJ-14
    6.78523e+03    1.93645e+04    2.49422e+04    1.14727e+03    9.17197e+03
     Coulomb-14        LJ (SR)   Coulomb (SR)   Coul. recip. Position Rest.
    1.17109e+05    1.65882e+05   -1.66962e+06    1.03542e+04    2.75893e+03
      Potential    Kinetic En.   Total Energy  Conserved En.    Temperature
   -1.31211e+06    2.51855e+05   -1.06025e+06   -1.29634e+06    2.99655e+02
 Pressure (bar)   Constr. rmsd
   -7.78482e+01    3.94780e-06

           Step           Time
          33000       66.00000

   Energies (kJ/mol)
           Bond          Angle    Proper Dih. Per. Imp. Dih.          LJ-14
    6.97921e+03    1.92929e+04    2.48636e+04    1.18606e+03    9.19261e+03
     Coulomb-14        LJ (SR)   Coulomb (SR)   Coul. recip. Position Rest.
    1.17395e+05    1.64679e+05   -1.66716e+06    1.03865e+04    2.54497e+03
      Potential    Kinetic En.   Total Energy  Conserved En.    Temperature
   -1.31064e+06    2.51599e+05   -1.05904e+06   -1.29633e+06    2.99350e+02
 Pressure (bar)   Constr. rmsd
   -1.05835e+03    4.06061e-06

           Step           Time
          33500       67.00000

   Energies (kJ/mol)
           Bond          Angle    Proper Dih. Per. Imp. Dih.          LJ-14
    7.04677e+03    1.93798e+04    2.49446e+04    1.09255e+03    8.99539e+03
     Coulomb-14        LJ (SR)   Coulomb (SR)   Coul. recip. Position Rest.
    1.16629e+05    1.67291e+05   -1.67105e+06    1.05332e+04    2.61857e+03
      Potential    Kinetic En.   Total Energy  Conserved En.    Temperature
   -1.31252e+06    2.51716e+05   -1.06080e+06   -1.29626e+06    2.99489e+02
 Pressure (bar)   Constr. rmsd
   -8.07713e+01    4.00527e-06

           Step           Time
          34000       68.00000

   Energies (kJ/mol)
           Bond          Angle    Proper Dih. Per. Imp. Dih.          LJ-14
    7.03889e+03    1.93268e+04    2.47513e+04    1.16405e+03    9.26169e+03
     Coulomb-14        LJ (SR)   Coulomb (SR)   Coul. recip. Position Rest.
    1.17044e+05    1.67514e+05   -1.67125e+06    1.04630e+04    2.59382e+03
      Potential    Kinetic En.   Total Energy  Conserved En.    Temperature
   -1.31210e+06    2.51713e+05   -1.06038e+06   -1.29627e+06    2.99486e+02
 Pressure (bar)   Constr. rmsd
   -5.90352e+02    4.00872e-06

           Step           Time
          34500       69.00000

   Energies (kJ/mol)
           Bond          Angle    Proper Dih. Per. Imp. Dih.          LJ-14
    7.07258e+03    1.95703e+04    2.49096e+04    1.19152e+03    9.13279e+03
     Coulomb-14        LJ (SR)   Coulomb (SR)   Coul. recip. Position Rest.
    1.16553e+05    1.68176e+05   -1.67144e+06    1.03401e+04    2.56379e+03
      Potential    Kinetic En.   Total Energy  Conserved En.    Temperature
   -1.31193e+06    2.52328e+05   -1.05960e+06   -1.29628e+06    3.00218e+02
 Pressure (bar)   Constr. rmsd
   -7.20631e+02    4.04413e-06

           Step           Time
          35000       70.00000

   Energies (kJ/mol)
           Bond          Angle    Proper Dih. Per. Imp. Dih.          LJ-14
    7.18128e+03    1.94779e+04    2.49180e+04    1.23102e+03    9.17609e+03
     Coulomb-14        LJ (SR)   Coulomb (SR)   Coul. recip. Position Rest.
    1.17223e+05    1.65085e+05   -1.66788e+06    1.00877e+04    2.54497e+03
      Potential    Kinetic En.   Total Energy  Conserved En.    Temperature
   -1.31095e+06    2.51607e+05   -1.05935e+06   -1.29626e+06    2.99360e+02
 Pressure (bar)   Constr. rmsd
   -3.49228e+02    4.00757e-06

Writing checkpoint, step 35250 at Sat Sep 12 22:16:37 2026


           Step           Time
          35500       71.00000

   Energies (kJ/mol)
           Bond          Angle    Proper Dih. Per. Imp. Dih.          LJ-14
    6.99868e+03    1.98026e+04    2.48916e+04    1.20009e+03    9.09110e+03
     Coulomb-14        LJ (SR)   Coulomb (SR)   Coul. recip. Position Rest.
    1.16763e+05    1.66772e+05   -1.66923e+06    1.03366e+04    2.65626e+03
      Potential    Kinetic En.   Total Energy  Conserved En.    Temperature
   -1.31072e+06    2.53271e+05   -1.05744e+06   -1.29627e+06    3.01340e+02
 Pressure (bar)   Constr. rmsd
   -4.00375e+02    3.88659e-06

           Step           Time
          36000       72.00000

   Energies (kJ/mol)
           Bond          Angle    Proper Dih. Per. Imp. Dih.          LJ-14
    7.02692e+03    1.93817e+04    2.48653e+04    1.18058e+03    9.11730e+03
     Coulomb-14        LJ (SR)   Coulomb (SR)   Coul. recip. Position Rest.
    1.16934e+05    1.64904e+05   -1.66967e+06    1.03418e+04    2.59611e+03
      Potential    Kinetic En.   Total Energy  Conserved En.    Temperature
   -1.31332e+06    2.53355e+05   -1.05996e+06   -1.29626e+06    3.01439e+02
 Pressure (bar)   Constr. rmsd
   -8.33120e+02    3.99645e-06

           Step           Time
          36500       73.00000

   Energies (kJ/mol)
           Bond          Angle    Proper Dih. Per. Imp. Dih.          LJ-14
    7.10685e+03    1.90080e+04    2.49692e+04    1.21543e+03    9.13624e+03
     Coulomb-14        LJ (SR)   Coulomb (SR)   Coul. recip. Position Rest.
    1.16967e+05    1.65675e+05   -1.66969e+06    1.04009e+04    2.51024e+03
      Potential    Kinetic En.   Total Energy  Conserved En.    Temperature
   -1.31270e+06    2.52994e+05   -1.05971e+06   -1.29628e+06    3.01010e+02
 Pressure (bar)   Constr. rmsd
   -5.36851e+02    4.02185e-06

           Step           Time
          37000       74.00000

   Energies (kJ/mol)
           Bond          Angle    Proper Dih. Per. Imp. Dih.          LJ-14
    6.68734e+03    1.94404e+04    2.48207e+04    1.16825e+03    9.17376e+03
     Coulomb-14        LJ (SR)   Coulomb (SR)   Coul. recip. Position Rest.
    1.16808e+05    1.67517e+05   -1.67296e+06    1.03672e+04    2.54816e+03
      Potential    Kinetic En.   Total Energy  Conserved En.    Temperature
   -1.31442e+06    2.51185e+05   -1.06324e+06   -1.29622e+06    2.98857e+02
 Pressure (bar)   Constr. rmsd
   -3.87715e+02    4.03793e-06

           Step           Time
          37500       75.00000

   Energies (kJ/mol)
           Bond          Angle    Proper Dih. Per. Imp. Dih.          LJ-14
    7.07725e+03    1.87724e+04    2.50509e+04    1.14720e+03    9.10697e+03
     Coulomb-14        LJ (SR)   Coulomb (SR)   Coul. recip. Position Rest.
    1.16875e+05    1.69183e+05   -1.67578e+06    1.01792e+04    2.61222e+03
      Potential    Kinetic En.   Total Energy  Conserved En.    Temperature
   -1.31578e+06    2.51067e+05   -1.06471e+06   -1.29621e+06    2.98717e+02
 Pressure (bar)   Constr. rmsd
   -2.44674e+02    4.12753e-06

           Step           Time
          38000       76.00000

   Energies (kJ/mol)
           Bond          Angle    Proper Dih. Per. Imp. Dih.          LJ-14
    7.09604e+03    1.96128e+04    2.48692e+04    1.18942e+03    9.19453e+03
     Coulomb-14        LJ (SR)   Coulomb (SR)   Coul. recip. Position Rest.
    1.16760e+05    1.67089e+05   -1.67118e+06    1.03737e+04    2.59385e+03
      Potential    Kinetic En.   Total Energy  Conserved En.    Temperature
   -1.31241e+06    2.53622e+05   -1.05878e+06   -1.29620e+06    3.01757e+02
 Pressure (bar)   Constr. rmsd
   -6.01986e+02    4.14205e-06

           Step           Time
          38500       77.00000

   Energies (kJ/mol)
           Bond          Angle    Proper Dih. Per. Imp. Dih.          LJ-14
    7.02242e+03    1.93066e+04    2.48624e+04    1.17737e+03    9.01599e+03
     Coulomb-14        LJ (SR)   Coulomb (SR)   Coul. recip. Position Rest.
    1.16862e+05    1.66583e+05   -1.67226e+06    1.03490e+04    2.55004e+03
      Potential    Kinetic En.   Total Energy  Conserved En.    Temperature
   -1.31453e+06    2.52441e+05   -1.06209e+06   -1.29621e+06    3.00352e+02
 Pressure (bar)   Constr. rmsd
   -7.98559e+02    3.99860e-06

           Step           Time
          39000       78.00000

   Energies (kJ/mol)
           Bond          Angle    Proper Dih. Per. Imp. Dih.          LJ-14
    7.05575e+03    1.92249e+04    2.50298e+04    1.24752e+03    9.12960e+03
     Coulomb-14        LJ (SR)   Coulomb (SR)   Coul. recip. Position Rest.
    1.16783e+05    1.67944e+05   -1.67214e+06    1.01524e+04    2.50301e+03
      Potential    Kinetic En.   Total Energy  Conserved En.    Temperature
   -1.31307e+06    2.51887e+05   -1.06119e+06   -1.29614e+06    2.99693e+02
 Pressure (bar)   Constr. rmsd
   -2.18616e+02    3.97165e-06

           Step           Time
          39500       79.00000

   Energies (kJ/mol)
           Bond          Angle    Proper Dih. Per. Imp. Dih.          LJ-14
    6.86342e+03    1.94653e+04    2.50704e+04    1.20994e+03    9.02893e+03
     Coulomb-14        LJ (SR)   Coulomb (SR)   Coul. recip. Position Rest.
    1.16958e+05    1.65611e+05   -1.67038e+06    1.02900e+04    2.57012e+03
      Potential    Kinetic En.   Total Energy  Conserved En.    Temperature
   -1.31331e+06    2.52235e+05   -1.06108e+06   -1.29618e+06    3.00107e+02
 Pressure (bar)   Constr. rmsd
   -4.83598e+02    3.94288e-06

           Step           Time
          40000       80.00000

   Energies (kJ/mol)
           Bond          Angle    Proper Dih. Per. Imp. Dih.          LJ-14
    6.91055e+03    1.92316e+04    2.50155e+04    1.18213e+03    9.15399e+03
     Coulomb-14        LJ (SR)   Coulomb (SR)   Coul. recip. Position Rest.
    1.16861e+05    1.67281e+05   -1.67134e+06    1.02144e+04    2.62968e+03
      Potential    Kinetic En.   Total Energy  Conserved En.    Temperature
   -1.31286e+06    2.53228e+05   -1.05964e+06   -1.29619e+06    3.01288e+02
 Pressure (bar)   Constr. rmsd
   -4.22233e+02    4.17209e-06

           Step           Time
          40500       81.00000

   Energies (kJ/mol)
           Bond          Angle    Proper Dih. Per. Imp. Dih.          LJ-14
    6.80375e+03    1.95734e+04    2.49740e+04    1.11415e+03    9.13058e+03
     Coulomb-14        LJ (SR)   Coulomb (SR)   Coul. recip. Position Rest.
    1.16890e+05    1.66862e+05   -1.67065e+06    1.03034e+04    2.49730e+03
      Potential    Kinetic En.   Total Energy  Conserved En.    Temperature
   -1.31250e+06    2.52279e+05   -1.06022e+06   -1.29612e+06    3.00159e+02
 Pressure (bar)   Constr. rmsd
   -2.75108e+02    3.99080e-06

Writing checkpoint, step 40850 at Sat Sep 12 22:31:35 2026


           Step           Time
          41000       82.00000

   Energies (kJ/mol)
           Bond          Angle    Proper Dih. Per. Imp. Dih.          LJ-14
    7.05184e+03    1.92811e+04    2.48951e+04    1.21244e+03    8.99792e+03
     Coulomb-14        LJ (SR)   Coulomb (SR)   Coul. recip. Position Rest.
    1.16517e+05    1.67025e+05   -1.67207e+06    1.02434e+04    2.58188e+03
      Potential    Kinetic En.   Total Energy  Conserved En.    Temperature
   -1.31427e+06    2.50784e+05   -1.06348e+06   -1.29611e+06    2.98381e+02
 Pressure (bar)   Constr. rmsd
   -5.69891e+02    3.91279e-06

           Step           Time
          41500       83.00000

   Energies (kJ/mol)
           Bond          Angle    Proper Dih. Per. Imp. Dih.          LJ-14
    6.78925e+03    1.91554e+04    2.49151e+04    1.21376e+03    9.30956e+03
     Coulomb-14        LJ (SR)   Coulomb (SR)   Coul. recip. Position Rest.
    1.16993e+05    1.67542e+05   -1.67067e+06    1.04140e+04    2.51993e+03
      Potential    Kinetic En.   Total Energy  Conserved En.    Temperature
   -1.31182e+06    2.53185e+05   -1.05863e+06   -1.29615e+06    3.01238e+02
 Pressure (bar)   Constr. rmsd
   -2.97651e+02    3.99794e-06

           Step           Time
          42000       84.00000

   Energies (kJ/mol)
           Bond          Angle    Proper Dih. Per. Imp. Dih.          LJ-14
    7.10386e+03    1.93836e+04    2.50434e+04    1.14666e+03    9.28523e+03
     Coulomb-14        LJ (SR)   Coulomb (SR)   Coul. recip. Position Rest.
    1.16989e+05    1.64928e+05   -1.66695e+06    1.04115e+04    2.58327e+03
      Potential    Kinetic En.   Total Energy  Conserved En.    Temperature
   -1.31008e+06    2.52209e+05   -1.05787e+06   -1.29609e+06    3.00076e+02
 Pressure (bar)   Constr. rmsd
   -1.03215e+03    3.87762e-06

           Step           Time
          42500       85.00000

   Energies (kJ/mol)
           Bond          Angle    Proper Dih. Per. Imp. Dih.          LJ-14
    6.96112e+03    1.94714e+04    2.50075e+04    1.12775e+03    9.33318e+03
     Coulomb-14        LJ (SR)   Coulomb (SR)   Coul. recip. Position Rest.
    1.17175e+05    1.68122e+05   -1.67253e+06    1.02847e+04    2.65860e+03
      Potential    Kinetic En.   Total Energy  Conserved En.    Temperature
   -1.31238e+06    2.53227e+05   -1.05916e+06   -1.29611e+06    3.01287e+02
 Pressure (bar)   Constr. rmsd
   -6.06866e+02    3.85128e-06

           Step           Time
          43000       86.00000

   Energies (kJ/mol)
           Bond          Angle    Proper Dih. Per. Imp. Dih.          LJ-14
    6.72970e+03    1.93298e+04    2.48930e+04    1.19517e+03    9.22849e+03
     Coulomb-14        LJ (SR)   Coulomb (SR)   Coul. recip. Position Rest.
    1.17254e+05    1.68768e+05   -1.67346e+06    1.02977e+04    2.60847e+03
      Potential    Kinetic En.   Total Energy  Conserved En.    Temperature
   -1.31315e+06    2.50567e+05   -1.06259e+06   -1.29608e+06    2.98122e+02
 Pressure (bar)   Constr. rmsd
   -1.15505e+02    4.01716e-06

           Step           Time
          43500       87.00000

   Energies (kJ/mol)
           Bond          Angle    Proper Dih. Per. Imp. Dih.          LJ-14
    7.07364e+03    1.95386e+04    2.49415e+04    1.20146e+03    9.14246e+03
     Coulomb-14        LJ (SR)   Coulomb (SR)   Coul. recip. Position Rest.
    1.17236e+05    1.67604e+05   -1.67205e+06    1.01423e+04    2.57744e+03
      Potential    Kinetic En.   Total Energy  Conserved En.    Temperature
   -1.31259e+06    2.53085e+05   -1.05951e+06   -1.29606e+06    3.01118e+02
 Pressure (bar)   Constr. rmsd
   -4.95950e+02    4.04547e-06

           Step           Time
          44000       88.00000

   Energies (kJ/mol)
           Bond          Angle    Proper Dih. Per. Imp. Dih.          LJ-14
    6.94801e+03    1.92651e+04    2.48778e+04    1.14679e+03    9.15302e+03
     Coulomb-14        LJ (SR)   Coulomb (SR)   Coul. recip. Position Rest.
    1.16997e+05    1.66249e+05   -1.66974e+06    1.03385e+04    2.46713e+03
      Potential    Kinetic En.   Total Energy  Conserved En.    Temperature
   -1.31230e+06    2.52714e+05   -1.05958e+06   -1.29606e+06    3.00677e+02
 Pressure (bar)   Constr. rmsd
   -3.51263e+02    4.13934e-06

           Step           Time
          44500       89.00000

   Energies (kJ/mol)
           Bond          Angle    Proper Dih. Per. Imp. Dih.          LJ-14
    7.06304e+03    1.93749e+04    2.49121e+04    1.18572e+03    9.14086e+03
     Coulomb-14        LJ (SR)   Coulomb (SR)   Coul. recip. Position Rest.
    1.16388e+05    1.67686e+05   -1.67209e+06    1.02155e+04    2.51032e+03
      Potential    Kinetic En.   Total Energy  Conserved En.    Temperature
   -1.31362e+06    2.52351e+05   -1.06127e+06   -1.29606e+06    3.00245e+02
 Pressure (bar)   Constr. rmsd
   -3.90044e+02    3.89967e-06

           Step           Time
          45000       90.00000

   Energies (kJ/mol)
           Bond          Angle    Proper Dih. Per. Imp. Dih.          LJ-14
    6.97168e+03    1.97219e+04    2.49171e+04    1.18858e+03    9.32744e+03
     Coulomb-14        LJ (SR)   Coulomb (SR)   Coul. recip. Position Rest.
    1.17155e+05    1.67056e+05   -1.67088e+06    1.02817e+04    2.59786e+03
      Potential    Kinetic En.   Total Energy  Conserved En.    Temperature
   -1.31166e+06    2.53275e+05   -1.05839e+06   -1.29603e+06    3.01345e+02
 Pressure (bar)   Constr. rmsd
   -6.13064e+02    3.93676e-06

           Step           Time
          45500       91.00000

   Energies (kJ/mol)
           Bond          Angle    Proper Dih. Per. Imp. Dih.          LJ-14
    6.94111e+03    1.93803e+04    2.48620e+04    1.20514e+03    9.14231e+03
     Coulomb-14        LJ (SR)   Coulomb (SR)   Coul. recip. Position Rest.
    1.17105e+05    1.64690e+05   -1.66863e+06    1.03455e+04    2.53910e+03
      Potential    Kinetic En.   Total Energy  Conserved En.    Temperature
   -1.31242e+06    2.51289e+05   -1.06113e+06   -1.29606e+06    2.98982e+02
 Pressure (bar)   Constr. rmsd
   -7.42617e+02    4.03803e-06

           Step           Time
          46000       92.00000

   Energies (kJ/mol)
           Bond          Angle    Proper Dih. Per. Imp. Dih.          LJ-14
    7.24725e+03    1.92374e+04    2.49442e+04    1.09548e+03    9.08049e+03
     Coulomb-14        LJ (SR)   Coulomb (SR)   Coul. recip. Position Rest.
    1.16933e+05    1.66598e+05   -1.67091e+06    1.02956e+04    2.55809e+03
      Potential    Kinetic En.   Total Energy  Conserved En.    Temperature
   -1.31292e+06    2.52640e+05   -1.06028e+06   -1.29602e+06    3.00588e+02
 Pressure (bar)   Constr. rmsd
   -4.83075e+02    3.93745e-06

           Step           Time
          46500       93.00000

   Energies (kJ/mol)
           Bond          Angle    Proper Dih. Per. Imp. Dih.          LJ-14
    7.25237e+03    1.91939e+04    2.48945e+04    1.22204e+03    9.12305e+03
     Coulomb-14        LJ (SR)   Coulomb (SR)   Coul. recip. Position Rest.
    1.16683e+05    1.66708e+05   -1.67030e+06    1.03999e+04    2.57699e+03
      Potential    Kinetic En.   Total Energy  Conserved En.    Temperature
   -1.31225e+06    2.52349e+05   -1.05990e+06   -1.29599e+06    3.00242e+02
 Pressure (bar)   Constr. rmsd
   -5.31981e+02    3.99223e-06

           Step           Time
          47000       94.00000

   Energies (kJ/mol)
           Bond          Angle    Proper Dih. Per. Imp. Dih.          LJ-14
    7.13927e+03    1.92843e+04    2.49856e+04    1.11124e+03    9.24462e+03
     Coulomb-14        LJ (SR)   Coulomb (SR)   Coul. recip. Position Rest.
    1.17002e+05    1.65352e+05   -1.66916e+06    1.03332e+04    2.62235e+03
      Potential    Kinetic En.   Total Energy  Conserved En.    Temperature
   -1.31209e+06    2.53551e+05   -1.05854e+06   -1.29599e+06    3.01673e+02
 Pressure (bar)   Constr. rmsd
   -3.56265e+02    3.98827e-06

Writing checkpoint, step 47400 at Sat Sep 12 22:46:35 2026


           Step           Time
          47500       95.00000

   Energies (kJ/mol)
           Bond          Angle    Proper Dih. Per. Imp. Dih.          LJ-14
    7.03841e+03    1.96287e+04    2.48945e+04    1.17350e+03    9.01584e+03
     Coulomb-14        LJ (SR)   Coulomb (SR)   Coul. recip. Position Rest.
    1.16939e+05    1.65675e+05   -1.66910e+06    1.02607e+04    2.68863e+03
      Potential    Kinetic En.   Total Energy  Conserved En.    Temperature
   -1.31178e+06    2.52792e+05   -1.05899e+06   -1.29600e+06    3.00770e+02
 Pressure (bar)   Constr. rmsd
   -5.14194e+02    3.99719e-06

           Step           Time
          48000       96.00000

   Energies (kJ/mol)
           Bond          Angle    Proper Dih. Per. Imp. Dih.          LJ-14
    7.15049e+03    1.93554e+04    2.47684e+04    1.15255e+03    9.12507e+03
     Coulomb-14        LJ (SR)   Coulomb (SR)   Coul. recip. Position Rest.
    1.16726e+05    1.66542e+05   -1.67040e+06    1.02188e+04    2.45981e+03
      Potential    Kinetic En.   Total Energy  Conserved En.    Temperature
   -1.31290e+06    2.53577e+05   -1.05933e+06   -1.29601e+06    3.01703e+02
 Pressure (bar)   Constr. rmsd
   -4.42430e+02    4.01099e-06

           Step           Time
          48500       97.00000

   Energies (kJ/mol)
           Bond          Angle    Proper Dih. Per. Imp. Dih.          LJ-14
    7.31650e+03    1.91762e+04    2.49807e+04    1.17088e+03    9.17410e+03
     Coulomb-14        LJ (SR)   Coulomb (SR)   Coul. recip. Position Rest.
    1.17160e+05    1.67009e+05   -1.66969e+06    1.03389e+04    2.50788e+03
      Potential    Kinetic En.   Total Energy  Conserved En.    Temperature
   -1.31086e+06    2.53180e+05   -1.05768e+06   -1.29592e+06    3.01231e+02
 Pressure (bar)   Constr. rmsd
   -5.31475e+02    3.89861e-06

           Step           Time
          49000       98.00000

   Energies (kJ/mol)
           Bond          Angle    Proper Dih. Per. Imp. Dih.          LJ-14
    6.86862e+03    1.95482e+04    2.49895e+04    1.19046e+03    9.16083e+03
     Coulomb-14        LJ (SR)   Coulomb (SR)   Coul. recip. Position Rest.
    1.16746e+05    1.65753e+05   -1.66965e+06    1.02130e+04    2.52624e+03
      Potential    Kinetic En.   Total Energy  Conserved En.    Temperature
   -1.31266e+06    2.53012e+05   -1.05965e+06   -1.29595e+06    3.01031e+02
 Pressure (bar)   Constr. rmsd
   -5.33646e+02    4.02431e-06

           Step           Time
          49500       99.00000

   Energies (kJ/mol)
           Bond          Angle    Proper Dih. Per. Imp. Dih.          LJ-14
    7.04718e+03    1.96425e+04    2.48046e+04    1.08702e+03    9.24924e+03
     Coulomb-14        LJ (SR)   Coulomb (SR)   Coul. recip. Position Rest.
    1.16778e+05    1.65938e+05   -1.67053e+06    1.02780e+04    2.51517e+03
      Potential    Kinetic En.   Total Energy  Conserved En.    Temperature
   -1.31319e+06    2.53388e+05   -1.05980e+06   -1.29593e+06    3.01478e+02
 Pressure (bar)   Constr. rmsd
   -8.58024e+02    4.10611e-06

           Step           Time
          50000      100.00000

Writing checkpoint, step 50000 at Sat Sep 12 22:52:28 2026


   Energies (kJ/mol)
           Bond          Angle    Proper Dih. Per. Imp. Dih.          LJ-14
    6.96129e+03    1.94465e+04    2.47585e+04    1.17910e+03    9.12693e+03
     Coulomb-14        LJ (SR)   Coulomb (SR)   Coul. recip. Position Rest.
    1.16847e+05    1.65434e+05   -1.66952e+06    1.03338e+04    2.63437e+03
      Potential    Kinetic En.   Total Energy  Conserved En.    Temperature
   -1.31280e+06    2.51544e+05   -1.06125e+06   -1.29594e+06    2.99284e+02
 Pressure (bar)   Constr. rmsd
   -6.46566e+02    4.04258e-06


Energy conservation over simulation part #1 of length 100 ps, time 0 to 100 ps
  Conserved energy drift: 3.84e-04 kJ/mol/ps per atom


	<======  ###############  ==>
	<====  A V E R A G E S  ====>
	<==  ###############  ======>

	Statistics over 50001 steps using 501 frames

   Energies (kJ/mol)
           Bond          Angle    Proper Dih. Per. Imp. Dih.          LJ-14
    6.95994e+03    1.92721e+04    2.49612e+04    1.17941e+03    9.18957e+03
     Coulomb-14        LJ (SR)   Coulomb (SR)   Coul. recip. Position Rest.
    1.16893e+05    1.66787e+05   -1.67118e+06    1.03309e+04    2.58001e+03
      Potential    Kinetic En.   Total Energy  Conserved En.    Temperature
   -1.31303e+06    2.52000e+05   -1.06103e+06   -1.29652e+06    2.99827e+02
 Pressure (bar)   Constr. rmsd
   -5.13358e+02    0.00000e+00

   Total Virial (kJ/mol)
    9.99654e+04    3.71558e+02   -5.76787e+02
    3.72062e+02    9.96991e+04    3.62876e+02
   -5.77910e+02    3.60959e+02    1.00004e+05

   Pressure (bar)
   -5.16888e+02   -1.45175e+01    1.86105e+01
   -1.45338e+01   -5.07659e+02   -1.17680e+01
    1.86467e+01   -1.17061e+01   -5.15526e+02

      T-Protein  T-non-Protein
    2.99888e+02    2.99819e+02


	M E G A - F L O P S   A C C O U N T I N G

 NB=Group-cutoff nonbonded kernels    NxN=N-by-N cluster Verlet kernels
 RF=Reaction-Field  VdW=Van der Waals  QSTab=quadratic-spline table
 W3=SPC/TIP3p  W4=TIP4p (single or pairs)
 V&F=Potential and force  V=Potential only  F=Force only

 Computing:                               M-Number         M-Flops  % Flops
-----------------------------------------------------------------------------
 Pair Search distance check           34422.088138      309798.793     0.3
 NxN QSTab Elec. + LJ [F]           1270515.213544    52091123.755    48.7
 NxN QSTab Elec. + LJ [V&F]           12859.088928      758686.247     0.7
 NxN QSTab Elec. [F]                1031851.225240    35082941.658    32.8
 NxN QSTab Elec. [V&F]                10443.518208      428184.247     0.4
 1,4 nonbonded interactions            1228.624572      110576.211     0.1
 Calc Weights                         14799.595986      532785.455     0.5
 Spread Q Bspline                    315724.714368      631449.429     0.6
 Gather F Bspline                    315724.714368     1894348.286     1.8
 3D-FFT                             1747820.955720    13982567.646    13.1
 Solve PME                              460.809216       29491.790     0.0
 Reset In Box                            98.760662         296.282     0.0
 CG-CoM                                  98.859324         296.578     0.0
 Bonds                                  238.154763       14051.131     0.0
 Angles                                 847.566951      142391.248     0.1
 Propers                               1317.126342      301621.932     0.3
 Impropers                               89.451789       18605.972     0.0
 Pos. Restr.                            232.554651       11627.733     0.0
 Virial                                  49.452207         890.140     0.0
 Stop-CM                                 49.528324         495.283     0.0
 Calc-Ekin                              986.817324       26644.068     0.0
 Lincs                                  228.263695       13695.822     0.0
 Lincs-Mat                             1204.272252        4817.089     0.0
 Constraint-V                          4918.896748       44270.071     0.0
 Constraint-Vir                          46.998309        1127.959     0.0
 Settle                                1487.489244      550371.020     0.5
-----------------------------------------------------------------------------
 Total                                               106983155.845   100.0
-----------------------------------------------------------------------------


    D O M A I N   D E C O M P O S I T I O N   S T A T I S T I C S

 av. #atoms communicated per step for force:  2 x 0.0


      R E A L   C Y C L E   A N D   T I M E   A C C O U N T I N G

On 1 MPI rank, each using 4 OpenMP threads

 Activity:              Num   Num      Call    Wall time         Giga-Cycles
                        Ranks Threads  Count      (s)         total sum    %
--------------------------------------------------------------------------------
 Domain decomp.            1    4       1001      32.575        300.213   0.4
 Neighbor search           1    4       1001     124.864       1150.746   1.7
 Force                     1    4      50001    4430.800      40834.311  58.6
 PME mesh                  1    4      50001    2580.172      23778.901  34.1
 NB X/F buffer ops.        1    4      99001     158.715       1462.722   2.1
 Write traj.               1    4         19       1.816         16.732   0.0
 Update                    1    4      50001     108.408        999.087   1.4
 Constraints               1    4      50003     106.947        985.628   1.4
 Rest                                             13.930        128.379   0.2
--------------------------------------------------------------------------------
 Total                                          7558.228      69656.720 100.0
--------------------------------------------------------------------------------
 Breakdown of PME mesh activities
--------------------------------------------------------------------------------
 PME spread                1    4      50001     656.075       6046.393   8.7
 PME gather                1    4      50001     649.504       5985.834   8.6
 PME 3D-FFT                1    4     100002    1199.113      11051.044  15.9
 PME solve Elec            1    4      50001      62.726        578.085   0.8
--------------------------------------------------------------------------------

               Core t (s)   Wall t (s)        (%)
       Time:    30232.864     7558.228      400.0
                         2h05:58
                 (ns/day)    (hour/ns)
Performance:        1.143       20.995
Finished mdrun on rank 0 Sat Sep 12 22:52:29 2026

